../Middlewares/ST/touchgfx/framework/include/touchgfx/Screen.hpp:104:18:virtual void touchgfx::Screen::afterTransition()	16	static
../Middlewares/ST/touchgfx/framework/include/touchgfx/Screen.hpp:115:18:virtual void touchgfx::Screen::tearDownScreen()	16	static
../Middlewares/ST/touchgfx/framework/include/touchgfx/Screen.hpp:144:18:virtual void touchgfx::Screen::handleTickEvent()	16	static
../Middlewares/ST/touchgfx/framework/include/touchgfx/Screen.hpp:154:18:virtual void touchgfx::Screen::handleKeyEvent(uint8_t)	16	static
../TouchGFX/gui/include/gui/screen5_screen/Screen5View.hpp:11:13:Screen5View::~Screen5View()	16	static
../TouchGFX/gui/include/gui/screen5_screen/Screen5View.hpp:11:13:virtual Screen5View::~Screen5View()	16	static
../TouchGFX/gui/src/screen5_screen/Screen5View.cpp:3:1:Screen5View::Screen5View()	16	static
../TouchGFX/gui/src/screen5_screen/Screen5View.cpp:8:6:virtual void Screen5View::setupScreen()	16	static
../TouchGFX/gui/src/screen5_screen/Screen5View.cpp:13:6:virtual void Screen5View::tearDownScreen()	16	static
