../Utilities/JPEG/jpeg_utils.c:418:17:JPEG_ARGB_MCU_YCbCr420_ConvertBlocks	96	static
../Utilities/JPEG/jpeg_utils.c:565:17:JPEG_ARGB_MCU_YCbCr422_ConvertBlocks	96	static
../Utilities/JPEG/jpeg_utils.c:680:17:JPEG_ARGB_MCU_YCbCr444_ConvertBlocks	96	static
../Utilities/JPEG/jpeg_utils.c:773:17:JPEG_ARGB_MCU_Gray_ConvertBlocks	88	static
../Utilities/JPEG/jpeg_utils.c:861:17:JPEG_ARGB_MCU_YCCK_ConvertBlocks	88	static
../Utilities/JPEG/jpeg_utils.c:951:19:JPEG_GetEncodeColorConvertFunc	32	static
../Utilities/JPEG/jpeg_utils.c:1106:17:JPEG_MCU_YCbCr420_ARGB_ConvertBlocks	96	static
../Utilities/JPEG/jpeg_utils.c:1291:17:JPEG_MCU_YCbCr422_ARGB_ConvertBlocks	96	static
../Utilities/JPEG/jpeg_utils.c:1423:17:JPEG_MCU_YCbCr444_ARGB_ConvertBlocks	88	static
../Utilities/JPEG/jpeg_utils.c:1529:17:JPEG_MCU_Gray_ARGB_ConvertBlocks	64	static
../Utilities/JPEG/jpeg_utils.c:1608:17:JPEG_MCU_YCCK_ARGB_ConvertBlocks	80	static
../Utilities/JPEG/jpeg_utils.c:1702:19:JPEG_GetDecodeColorConvertFunc	32	static
../Utilities/JPEG/jpeg_utils.c:1810:6:JPEG_InitPostProcColorTables	16	static
../Utilities/JPEG/jpeg_utils.c:1832:6:JPEG_InitColorTables	8	static
../Utilities/JPEG/jpeg_utils.c:1852:6:JPEG_InitPreProcColorTables	16	static
../Utilities/JPEG/jpeg_utils.c:1878:6:JPEG_Init_MCU_LUT	24	static
../Utilities/JPEG/jpeg_utils.c:1933:17:JPEG_Set_K_Blocks	32	static
